fish
face


